
  .   ____          _            __ _ _
 /\\ / ___'_ __ _ _(_)_ __  __ _ \ \ \ \
( ( )\___ | '_ | '_| | '_ \/ _` | \ \ \ \
 \\/  ___)| |_)| | | | | || (_| |  ) ) ) )
  '  |____| .__|_| |_|_| |_\__, | / / / /
 =========|_|==============|___/=/_/_/_/

 :: Spring Boot ::                (v3.3.5)

2026-07-01T12:58:28.154Z  INFO 1 --- [nexushr-backend] [           main] com.nexushr.core.BackendApplication      : Starting BackendApplication v0.0.1-SNAPSHOT using Java 21.0.11 with PID 1 (/app/app.jar started by nexushr in /app)
2026-07-01T12:58:28.156Z  INFO 1 --- [nexushr-backend] [           main] com.nexushr.core.BackendApplication      : No active profile set, falling back to 1 default profile: "default"
2026-07-01T12:58:29.354Z  INFO 1 --- [nexushr-backend] [           main] .s.d.r.c.RepositoryConfigurationDelegate : Multiple Spring Data modules found, entering strict repository configuration mode
2026-07-01T12:58:29.356Z  INFO 1 --- [nexushr-backend] [           main] .s.d.r.c.RepositoryConfigurationDelegate : Bootstrapping Spring Data JPA repositories in DEFAULT mode.
2026-07-01T12:58:29.501Z  INFO 1 --- [nexushr-backend] [           main] .s.d.r.c.RepositoryConfigurationDelegate : Finished Spring Data repository scanning in 139 ms. Found 10 JPA repository interfaces.
2026-07-01T12:58:29.533Z  INFO 1 --- [nexushr-backend] [           main] .s.d.r.c.RepositoryConfigurationDelegate : Multiple Spring Data modules found, entering strict repository configuration mode
2026-07-01T12:58:29.535Z  INFO 1 --- [nexushr-backend] [           main] .s.d.r.c.RepositoryConfigurationDelegate : Bootstrapping Spring Data Redis repositories in DEFAULT mode.
2026-07-01T12:58:29.554Z  INFO 1 --- [nexushr-backend] [           main] .RepositoryConfigurationExtensionSupport : Spring Data Redis - Could not safely identify store assignment for repository candidate interface com.nexushr.core.repository.AnnouncementRepository; If you want this repository to be a Redis repository, consider annotating your entities with one of these annotations: org.springframework.data.redis.core.RedisHash (preferred), or consider extending one of the following types with your repository: org.springframework.data.keyvalue.repository.KeyValueRepository
2026-07-01T12:58:29.556Z  INFO 1 --- [nexushr-backend] [           main] .RepositoryConfigurationExtensionSupport : Spring Data Redis - Could not safely identify store assignment for repository candidate interface com.nexushr.core.repository.AttendanceRepository; If you want this repository to be a Redis repository, consider annotating your entities with one of these annotations: org.springframework.data.redis.core.RedisHash (preferred), or consider extending one of the following types with your repository: org.springframework.data.keyvalue.repository.KeyValueRepository
2026-07-01T12:58:29.557Z  INFO 1 --- [nexushr-backend] [           main] .RepositoryConfigurationExtensionSupport : Spring Data Redis - Could not safely identify store assignment for repository candidate interface com.nexushr.core.repository.DepartmentRepository; If you want this repository to be a Redis repository, consider annotating your entities with one of these annotations: org.springframework.data.redis.core.RedisHash (preferred), or consider extending one of the following types with your repository: org.springframework.data.keyvalue.repository.KeyValueRepository
2026-07-01T12:58:29.558Z  INFO 1 --- [nexushr-backend] [           main] .RepositoryConfigurationExtensionSupport : Spring Data Redis - Could not safely identify store assignment for repository candidate interface com.nexushr.core.repository.EmployeeRepository; If you want this repository to be a Redis repository, consider annotating your entities with one of these annotations: org.springframework.data.redis.core.RedisHash (preferred), or consider extending one of the following types with your repository: org.springframework.data.keyvalue.repository.KeyValueRepository
2026-07-01T12:58:29.558Z  INFO 1 --- [nexushr-backend] [           main] .RepositoryConfigurationExtensionSupport : Spring Data Redis - Could not safely identify store assignment for repository candidate interface com.nexushr.core.repository.GoalRepository; If you want this repository to be a Redis repository, consider annotating your entities with one of these annotations: org.springframework.data.redis.core.RedisHash (preferred), or consider extending one of the following types with your repository: org.springframework.data.keyvalue.repository.KeyValueRepository
2026-07-01T12:58:29.558Z  INFO 1 --- [nexushr-backend] [           main] .RepositoryConfigurationExtensionSupport : Spring Data Redis - Could not safely identify store assignment for repository candidate interface com.nexushr.core.repository.LeaveRequestRepository; If you want this repository to be a Redis repository, consider annotating your entities with one of these annotations: org.springframework.data.redis.core.RedisHash (preferred), or consider extending one of the following types with your repository: org.springframework.data.keyvalue.repository.KeyValueRepository
2026-07-01T12:58:29.559Z  INFO 1 --- [nexushr-backend] [           main] .RepositoryConfigurationExtensionSupport : Spring Data Redis - Could not safely identify store assignment for repository candidate interface com.nexushr.core.repository.NotificationRepository; If you want this repository to be a Redis repository, consider annotating your entities with one of these annotations: org.springframework.data.redis.core.RedisHash (preferred), or consider extending one of the following types with your repository: org.springframework.data.keyvalue.repository.KeyValueRepository
2026-07-01T12:58:29.560Z  INFO 1 --- [nexushr-backend] [           main] .RepositoryConfigurationExtensionSupport : Spring Data Redis - Could not safely identify store assignment for repository candidate interface com.nexushr.core.repository.PayrollRepository; If you want this repository to be a Redis repository, consider annotating your entities with one of these annotations: org.springframework.data.redis.core.RedisHash (preferred), or consider extending one of the following types with your repository: org.springframework.data.keyvalue.repository.KeyValueRepository
2026-07-01T12:58:29.560Z  INFO 1 --- [nexushr-backend] [           main] .RepositoryConfigurationExtensionSupport : Spring Data Redis - Could not safely identify store assignment for repository candidate interface com.nexushr.core.repository.PerformanceReviewRepository; If you want this repository to be a Redis repository, consider annotating your entities with one of these annotations: org.springframework.data.redis.core.RedisHash (preferred), or consider extending one of the following types with your repository: org.springframework.data.keyvalue.repository.KeyValueRepository
2026-07-01T12:58:29.561Z  INFO 1 --- [nexushr-backend] [           main] .RepositoryConfigurationExtensionSupport : Spring Data Redis - Could not safely identify store assignment for repository candidate interface com.nexushr.core.repository.UserRepository; If you want this repository to be a Redis repository, consider annotating your entities with one of these annotations: org.springframework.data.redis.core.RedisHash (preferred), or consider extending one of the following types with your repository: org.springframework.data.keyvalue.repository.KeyValueRepository
2026-07-01T12:58:29.561Z  INFO 1 --- [nexushr-backend] [           main] .s.d.r.c.RepositoryConfigurationDelegate : Finished Spring Data repository scanning in 13 ms. Found 0 Redis repository interfaces.
2026-07-01T12:58:30.383Z  INFO 1 --- [nexushr-backend] [           main] o.s.b.w.embedded.tomcat.TomcatWebServer  : Tomcat initialized with port 8080 (http)
2026-07-01T12:58:30.400Z  INFO 1 --- [nexushr-backend] [           main] o.apache.catalina.core.StandardService   : Starting service [Tomcat]
2026-07-01T12:58:30.400Z  INFO 1 --- [nexushr-backend] [           main] o.apache.catalina.core.StandardEngine    : Starting Servlet engine: [Apache Tomcat/10.1.31]
2026-07-01T12:58:30.437Z  INFO 1 --- [nexushr-backend] [           main] o.a.c.c.C.[Tomcat].[localhost].[/api]    : Initializing Spring embedded WebApplicationContext
2026-07-01T12:58:30.439Z  INFO 1 --- [nexushr-backend] [           main] w.s.c.ServletWebServerApplicationContext : Root WebApplicationContext: initialization completed in 2221 ms
2026-07-01T12:58:30.635Z  INFO 1 --- [nexushr-backend] [           main] o.hibernate.jpa.internal.util.LogHelper  : HHH000204: Processing PersistenceUnitInfo [name: default]
2026-07-01T12:58:30.706Z  INFO 1 --- [nexushr-backend] [           main] org.hibernate.Version                    : HHH000412: Hibernate ORM core version 6.5.3.Final
2026-07-01T12:58:30.750Z  INFO 1 --- [nexushr-backend] [           main] o.h.c.internal.RegionFactoryInitiator    : HHH000026: Second-level cache disabled
2026-07-01T12:58:31.051Z  INFO 1 --- [nexushr-backend] [           main] o.s.o.j.p.SpringPersistenceUnitInfo      : No LoadTimeWeaver setup: ignoring JPA class transformer
2026-07-01T12:58:31.083Z  INFO 1 --- [nexushr-backend] [           main] com.zaxxer.hikari.HikariDataSource       : HikariPool-1 - Starting...
2026-07-01T12:58:31.274Z  INFO 1 --- [nexushr-backend] [           main] com.zaxxer.hikari.pool.HikariPool        : HikariPool-1 - Added connection org.postgresql.jdbc.PgConnection@2a54c92e
2026-07-01T12:58:31.275Z  INFO 1 --- [nexushr-backend] [           main] com.zaxxer.hikari.HikariDataSource       : HikariPool-1 - Start completed.
2026-07-01T12:58:31.304Z  WARN 1 --- [nexushr-backend] [           main] org.hibernate.orm.deprecation            : HHH90000025: PostgreSQLDialect does not need to be specified explicitly using 'hibernate.dialect' (remove the property setting and it will be selected by default)
2026-07-01T12:58:32.374Z  INFO 1 --- [nexushr-backend] [           main] o.h.e.t.j.p.i.JtaPlatformInitiator       : HHH000489: No JTA platform available (set 'hibernate.transaction.jta.platform' to enable JTA platform integration)
Hibernate: 
    alter table if exists announcements 
       alter column description set data type TEXT
Hibernate: 
    alter table if exists goals 
       alter column description set data type TEXT
Hibernate: 
    alter table if exists performance_reviews 
       alter column feedback set data type TEXT
Hibernate: 
    alter table if exists performance_reviews 
       alter column goals set data type TEXT
2026-07-01T12:58:32.543Z  INFO 1 --- [nexushr-backend] [           main] j.LocalContainerEntityManagerFactoryBean : Initialized JPA EntityManagerFactory for persistence unit 'default'
2026-07-01T12:58:33.297Z  INFO 1 --- [nexushr-backend] [           main] r$InitializeUserDetailsManagerConfigurer : Global AuthenticationManager configured with UserDetailsService bean with name userDetailsServiceImpl
2026-07-01T12:58:33.613Z  WARN 1 --- [nexushr-backend] [           main] JpaBaseConfiguration$JpaWebConfiguration : spring.jpa.open-in-view is enabled by default. Therefore, database queries may be performed during view rendering. Explicitly configure spring.jpa.open-in-view to disable this warning
2026-07-01T12:58:34.771Z  INFO 1 --- [nexushr-backend] [           main] o.s.b.w.embedded.tomcat.TomcatWebServer  : Tomcat started on port 8080 (http) with context path '/api'
2026-07-01T12:58:34.774Z  INFO 1 --- [nexushr-backend] [           main] o.s.m.s.b.SimpleBrokerMessageHandler     : Starting...
2026-07-01T12:58:34.776Z  INFO 1 --- [nexushr-backend] [           main] o.s.m.s.b.SimpleBrokerMessageHandler     : BrokerAvailabilityEvent[available=true, SimpleBrokerMessageHandler [org.springframework.messaging.simp.broker.DefaultSubscriptionRegistry@20fdf45a]]
2026-07-01T12:58:34.777Z  INFO 1 --- [nexushr-backend] [           main] o.s.m.s.b.SimpleBrokerMessageHandler     : Started.
2026-07-01T12:58:34.792Z  INFO 1 --- [nexushr-backend] [           main] com.nexushr.core.BackendApplication      : Started BackendApplication in 7.099 seconds (process running for 7.727)
Hibernate: 
    select
        u1_0.id 
    from
        users u1_0 
    where
        u1_0.username=? 
    fetch
        first ? rows only
Hibernate: 
    select
        u1_0.id 
    from
        users u1_0 
    where
        u1_0.username=? 
    fetch
        first ? rows only
Hibernate: 
    select
        u1_0.id,
        u1_0.created_at,
        u1_0.email,
        u1_0.password,
        u1_0.role,
        u1_0.username 
    from
        users u1_0 
    where
        u1_0.username=?
Hibernate: 
    select
        u1_0.id 
    from
        users u1_0 
    where
        u1_0.username=? 
    fetch
        first ? rows only
Hibernate: 
    select
        u1_0.id,
        u1_0.created_at,
        u1_0.email,
        u1_0.password,
        u1_0.role,
        u1_0.username 
    from
        users u1_0 
    where
        u1_0.username=?
Hibernate: 
    select
        u1_0.id 
    from
        users u1_0 
    where
        u1_0.username=? 
    fetch
        first ? rows only
Hibernate: 
    select
        u1_0.id,
        u1_0.created_at,
        u1_0.email,
        u1_0.password,
        u1_0.role,
        u1_0.username 
    from
        users u1_0 
    where
        u1_0.username=?
Hibernate: 
    select
        u1_0.id 
    from
        users u1_0 
    where
        u1_0.username=? 
    fetch
        first ? rows only
Hibernate: 
    select
        u1_0.id,
        u1_0.created_at,
        u1_0.email,
        u1_0.password,
        u1_0.role,
        u1_0.username 
    from
        users u1_0 
    where
        u1_0.username=?
Hibernate: 
    select
        e1_0.id,
        e1_0.department,
        e1_0.department_id,
        e1_0.email,
        e1_0.first_name,
        e1_0.hire_date,
        e1_0.last_name,
        e1_0.manager_id,
        e1_0.performance_rating,
        e1_0.phone,
        e1_0.position,
        e1_0.salary,
        e1_0.status,
        e1_0.user_id 
    from
        employees e1_0 
    where
        e1_0.email=?
Hibernate: 
    select
        d1_0.id,
        a1_0.id,
        a1_0.department,
        de1_0.id,
        de1_0.assistant_id,
        de1_0.created_at,
        de1_0.department_name,
        de1_0.description,
        m1_0.id,
        m1_0.department,
        m1_0.department_id,
        m1_0.email,
        m1_0.first_name,
        m1_0.hire_date,
        m1_0.last_name,
        m1_0.manager_id,
        m1_0.performance_rating,
        m1_0.phone,
        m1_0.position,
        m1_0.salary,
        m1_0.status,
        u1_0.id,
        u1_0.created_at,
        u1_0.email,
        u1_0.password,
        u1_0.role,
        u1_0.username,
        de1_0.updated_at,
        a1_0.email,
        a1_0.first_name,
        a1_0.hire_date,
        a1_0.last_name,
        a1_0.manager_id,
        a1_0.performance_rating,
        a1_0.phone,
        a1_0.position,
        a1_0.salary,
        a1_0.status,
        u2_0.id,
        u2_0.created_at,
        u2_0.email,
        u2_0.password,
        u2_0.role,
        u2_0.username,
        d1_0.created_at,
        d1_0.department_name,
        d1_0.description,
        m4_0.id,
        m4_0.department,
        de3_0.id,
        a3_0.id,
        a3_0.department,
        a3_0.department_id,
        a3_0.email,
        a3_0.first_name,
        a3_0.hire_date,
        a3_0.last_name,
        a3_0.manager_id,
        a3_0.performance_rating,
        a3_0.phone,
        a3_0.position,
        a3_0.salary,
        a3_0.status,
        u3_0.id,
        u3_0.created_at,
        u3_0.email,
        u3_0.password,
        u3_0.role,
        u3_0.username,
        de3_0.created_at,
        de3_0.department_name,
        de3_0.description,
        de3_0.manager_id,
        de3_0.updated_at,
        m4_0.email,
        m4_0.first_name,
        m4_0.hire_date,
        m4_0.last_name,
        m4_0.manager_id,
        m4_0.performance_rating,
        m4_0.phone,
        m4_0.position,
        m4_0.salary,
        m4_0.status,
        u4_0.id,
        u4_0.created_at,
        u4_0.email,
        u4_0.password,
        u4_0.role,
        u4_0.username,
        d1_0.updated_at 
    from
        departments d1_0 
    left join
        employees a1_0 
            on a1_0.id=d1_0.assistant_id 
    left join
        departments de1_0 
            on de1_0.id=a1_0.department_id 
    left join
        employees m1_0 
            on m1_0.id=de1_0.manager_id 
    left join
        users u1_0 
            on u1_0.id=m1_0.user_id 
    left join
        users u2_0 
            on u2_0.id=a1_0.user_id 
    left join
        employees m4_0 
            on m4_0.id=d1_0.manager_id 
    left join
        departments de3_0 
            on de3_0.id=m4_0.department_id 
    left join
        employees a3_0 
            on a3_0.id=de3_0.assistant_id 
    left join
        users u3_0 
            on u3_0.id=a3_0.user_id 
    left join
        users u4_0 
            on u4_0.id=m4_0.user_id 
    where
        d1_0.id=?
Hibernate: 
    select
        u1_0.id,
        u1_0.created_at,
        u1_0.email,
        u1_0.password,
        u1_0.role,
        u1_0.username 
    from
        users u1_0 
    where
        u1_0.id=?
Hibernate: 
    select
        e1_0.id,
        e1_0.department,
        e1_0.department_id,
        e1_0.email,
        e1_0.first_name,
        e1_0.hire_date,
        e1_0.last_name,
        e1_0.manager_id,
        e1_0.performance_rating,
        e1_0.phone,
        e1_0.position,
        e1_0.salary,
        e1_0.status,
        e1_0.user_id 
    from
        employees e1_0 
    where
        e1_0.email=?
Hibernate: 
    select
        d1_0.id,
        a1_0.id,
        a1_0.department,
        de1_0.id,
        de1_0.assistant_id,
        de1_0.created_at,
        de1_0.department_name,
        de1_0.description,
        m1_0.id,
        m1_0.department,
        m1_0.department_id,
        m1_0.email,
        m1_0.first_name,
        m1_0.hire_date,
        m1_0.last_name,
        m1_0.manager_id,
        m1_0.performance_rating,
        m1_0.phone,
        m1_0.position,
        m1_0.salary,
        m1_0.status,
        u1_0.id,
        u1_0.created_at,
        u1_0.email,
        u1_0.password,
        u1_0.role,
        u1_0.username,
        de1_0.updated_at,
        a1_0.email,
        a1_0.first_name,
        a1_0.hire_date,
        a1_0.last_name,
        a1_0.manager_id,
        a1_0.performance_rating,
        a1_0.phone,
        a1_0.position,
        a1_0.salary,
        a1_0.status,
        u2_0.id,
        u2_0.created_at,
        u2_0.email,
        u2_0.password,
        u2_0.role,
        u2_0.username,
        d1_0.created_at,
        d1_0.department_name,
        d1_0.description,
        m4_0.id,
        m4_0.department,
        de3_0.id,
        a3_0.id,
        a3_0.department,
        a3_0.department_id,
        a3_0.email,
        a3_0.first_name,
        a3_0.hire_date,
        a3_0.last_name,
        a3_0.manager_id,
        a3_0.performance_rating,
        a3_0.phone,
        a3_0.position,
        a3_0.salary,
        a3_0.status,
        u3_0.id,
        u3_0.created_at,
        u3_0.email,
        u3_0.password,
        u3_0.role,
        u3_0.username,
        de3_0.created_at,
        de3_0.department_name,
        de3_0.description,
        de3_0.manager_id,
        de3_0.updated_at,
        m4_0.email,
        m4_0.first_name,
        m4_0.hire_date,
        m4_0.last_name,
        m4_0.manager_id,
        m4_0.performance_rating,
        m4_0.phone,
        m4_0.position,
        m4_0.salary,
        m4_0.status,
        u4_0.id,
        u4_0.created_at,
        u4_0.email,
        u4_0.password,
        u4_0.role,
        u4_0.username,
        d1_0.updated_at 
    from
        departments d1_0 
    left join
        employees a1_0 
            on a1_0.id=d1_0.assistant_id 
    left join
        departments de1_0 
            on de1_0.id=a1_0.department_id 
    left join
        employees m1_0 
            on m1_0.id=de1_0.manager_id 
    left join
        users u1_0 
            on u1_0.id=m1_0.user_id 
    left join
        users u2_0 
            on u2_0.id=a1_0.user_id 
    left join
        employees m4_0 
            on m4_0.id=d1_0.manager_id 
    left join
        departments de3_0 
            on de3_0.id=m4_0.department_id 
    left join
        employees a3_0 
            on a3_0.id=de3_0.assistant_id 
    left join
        users u3_0 
            on u3_0.id=a3_0.user_id 
    left join
        users u4_0 
            on u4_0.id=m4_0.user_id 
    where
        d1_0.id=?
Hibernate: 
    select
        u1_0.id,
        u1_0.created_at,
        u1_0.email,
        u1_0.password,
        u1_0.role,
        u1_0.username 
    from
        users u1_0 
    where
        u1_0.id=?
Hibernate: 
    select
        e1_0.id,
        e1_0.department,
        e1_0.department_id,
        e1_0.email,
        e1_0.first_name,
        e1_0.hire_date,
        e1_0.last_name,
        e1_0.manager_id,
        e1_0.performance_rating,
        e1_0.phone,
        e1_0.position,
        e1_0.salary,
        e1_0.status,
        e1_0.user_id 
    from
        employees e1_0 
    where
        e1_0.email=?
Hibernate: 
    select
        d1_0.id,
        a1_0.id,
        a1_0.department,
        de1_0.id,
        de1_0.assistant_id,
        de1_0.created_at,
        de1_0.department_name,
        de1_0.description,
        m1_0.id,
        m1_0.department,
        m1_0.department_id,
        m1_0.email,
        m1_0.first_name,
        m1_0.hire_date,
        m1_0.last_name,
        m1_0.manager_id,
        m1_0.performance_rating,
        m1_0.phone,
        m1_0.position,
        m1_0.salary,
        m1_0.status,
        u1_0.id,
        u1_0.created_at,
        u1_0.email,
        u1_0.password,
        u1_0.role,
        u1_0.username,
        de1_0.updated_at,
        a1_0.email,
        a1_0.first_name,
        a1_0.hire_date,
        a1_0.last_name,
        a1_0.manager_id,
        a1_0.performance_rating,
        a1_0.phone,
        a1_0.position,
        a1_0.salary,
        a1_0.status,
        u2_0.id,
        u2_0.created_at,
        u2_0.email,
        u2_0.password,
        u2_0.role,
        u2_0.username,
        d1_0.created_at,
        d1_0.department_name,
        d1_0.description,
        m4_0.id,
        m4_0.department,
        de3_0.id,
        a3_0.id,
        a3_0.department,
        a3_0.department_id,
        a3_0.email,
        a3_0.first_name,
        a3_0.hire_date,
        a3_0.last_name,
        a3_0.manager_id,
        a3_0.performance_rating,
        a3_0.phone,
        a3_0.position,
        a3_0.salary,
        a3_0.status,
        u3_0.id,
        u3_0.created_at,
        u3_0.email,
        u3_0.password,
        u3_0.role,
        u3_0.username,
        de3_0.created_at,
        de3_0.department_name,
        de3_0.description,
        de3_0.manager_id,
        de3_0.updated_at,
        m4_0.email,
        m4_0.first_name,
        m4_0.hire_date,
        m4_0.last_name,
        m4_0.manager_id,
        m4_0.performance_rating,
        m4_0.phone,
        m4_0.position,
        m4_0.salary,
        m4_0.status,
        u4_0.id,
        u4_0.created_at,
        u4_0.email,
        u4_0.password,
        u4_0.role,
        u4_0.username,
        d1_0.updated_at 
    from
        departments d1_0 
    left join
        employees a1_0 
            on a1_0.id=d1_0.assistant_id 
    left join
        departments de1_0 
            on de1_0.id=a1_0.department_id 
    left join
        employees m1_0 
            on m1_0.id=de1_0.manager_id 
    left join
        users u1_0 
            on u1_0.id=m1_0.user_id 
    left join
        users u2_0 
            on u2_0.id=a1_0.user_id 
    left join
        employees m4_0 
            on m4_0.id=d1_0.manager_id 
    left join
        departments de3_0 
            on de3_0.id=m4_0.department_id 
    left join
        employees a3_0 
            on a3_0.id=de3_0.assistant_id 
    left join
        users u3_0 
            on u3_0.id=a3_0.user_id 
    left join
        users u4_0 
            on u4_0.id=m4_0.user_id 
    where
        d1_0.id=?
Hibernate: 
    select
        u1_0.id,
        u1_0.created_at,
        u1_0.email,
        u1_0.password,
        u1_0.role,
        u1_0.username 
    from
        users u1_0 
    where
        u1_0.id=?
Hibernate: 
    select
        e1_0.id,
        e1_0.department,
        e1_0.department_id,
        e1_0.email,
        e1_0.first_name,
        e1_0.hire_date,
        e1_0.last_name,
        e1_0.manager_id,
        e1_0.performance_rating,
        e1_0.phone,
        e1_0.position,
        e1_0.salary,
        e1_0.status,
        e1_0.user_id 
    from
        employees e1_0 
    where
        e1_0.email=?
Hibernate: 
    select
        d1_0.id,
        a1_0.id,
        a1_0.department,
        de1_0.id,
        de1_0.assistant_id,
        de1_0.created_at,
        de1_0.department_name,
        de1_0.description,
        m1_0.id,
        m1_0.department,
        m1_0.department_id,
        m1_0.email,
        m1_0.first_name,
        m1_0.hire_date,
        m1_0.last_name,
        m1_0.manager_id,
        m1_0.performance_rating,
        m1_0.phone,
        m1_0.position,
        m1_0.salary,
        m1_0.status,
        u1_0.id,
        u1_0.created_at,
        u1_0.email,
        u1_0.password,
        u1_0.role,
        u1_0.username,
        de1_0.updated_at,
        a1_0.email,
        a1_0.first_name,
        a1_0.hire_date,
        a1_0.last_name,
        a1_0.manager_id,
        a1_0.performance_rating,
        a1_0.phone,
        a1_0.position,
        a1_0.salary,
        a1_0.status,
        u2_0.id,
        u2_0.created_at,
        u2_0.email,
        u2_0.password,
        u2_0.role,
        u2_0.username,
        d1_0.created_at,
        d1_0.department_name,
        d1_0.description,
        m4_0.id,
        m4_0.department,
        de3_0.id,
        a3_0.id,
        a3_0.department,
        a3_0.department_id,
        a3_0.email,
        a3_0.first_name,
        a3_0.hire_date,
        a3_0.last_name,
        a3_0.manager_id,
        a3_0.performance_rating,
        a3_0.phone,
        a3_0.position,
        a3_0.salary,
        a3_0.status,
        u3_0.id,
        u3_0.created_at,
        u3_0.email,
        u3_0.password,
        u3_0.role,
        u3_0.username,
        de3_0.created_at,
        de3_0.department_name,
        de3_0.description,
        de3_0.manager_id,
        de3_0.updated_at,
        m4_0.email,
        m4_0.first_name,
        m4_0.hire_date,
        m4_0.last_name,
        m4_0.manager_id,
        m4_0.performance_rating,
        m4_0.phone,
        m4_0.position,
        m4_0.salary,
        m4_0.status,
        u4_0.id,
        u4_0.created_at,
        u4_0.email,
        u4_0.password,
        u4_0.role,
        u4_0.username,
        d1_0.updated_at 
    from
        departments d1_0 
    left join
        employees a1_0 
            on a1_0.id=d1_0.assistant_id 
    left join
        departments de1_0 
            on de1_0.id=a1_0.department_id 
    left join
        employees m1_0 
            on m1_0.id=de1_0.manager_id 
    left join
        users u1_0 
            on u1_0.id=m1_0.user_id 
    left join
        users u2_0 
            on u2_0.id=a1_0.user_id 
    left join
        employees m4_0 
            on m4_0.id=d1_0.manager_id 
    left join
        departments de3_0 
            on de3_0.id=m4_0.department_id 
    left join
        employees a3_0 
            on a3_0.id=de3_0.assistant_id 
    left join
        users u3_0 
            on u3_0.id=a3_0.user_id 
    left join
        users u4_0 
            on u4_0.id=m4_0.user_id 
    where
        d1_0.id=?
Hibernate: 
    select
        u1_0.id,
        u1_0.created_at,
        u1_0.email,
        u1_0.password,
        u1_0.role,
        u1_0.username 
    from
        users u1_0 
    where
        u1_0.id=?
Hibernate: 
    select
        count(*) 
    from
        attendance a1_0
Hibernate: 
    select
        count(*) 
    from
        leave_requests lr1_0
Hibernate: 
    select
        count(*) 
    from
        performance_reviews pr1_0
Hibernate: 
    select
        count(*) 
    from
        payroll p1_0
Hibernate: 
    select
        count(*) 
    from
        goals g1_0
Hibernate: 
    select
        d1_0.id,
        d1_0.assistant_id,
        d1_0.created_at,
        d1_0.department_name,
        d1_0.description,
        d1_0.manager_id,
        d1_0.updated_at 
    from
        departments d1_0 
    where
        d1_0.department_name=?
Hibernate: 
    select
        d1_0.id,
        d1_0.assistant_id,
        d1_0.created_at,
        d1_0.department_name,
        d1_0.description,
        d1_0.manager_id,
        d1_0.updated_at 
    from
        departments d1_0 
    where
        d1_0.department_name=?
Hibernate: 
    select
        d1_0.id,
        d1_0.assistant_id,
        d1_0.created_at,
        d1_0.department_name,
        d1_0.description,
        d1_0.manager_id,
        d1_0.updated_at 
    from
        departments d1_0 
    where
        d1_0.department_name=?
Hibernate: 
    select
        d1_0.id,
        d1_0.assistant_id,
        d1_0.created_at,
        d1_0.department_name,
        d1_0.description,
        d1_0.manager_id,
        d1_0.updated_at 
    from
        departments d1_0 
    where
        d1_0.department_name=?
Hibernate: 
    select
        d1_0.id,
        d1_0.assistant_id,
        d1_0.created_at,
        d1_0.department_name,
        d1_0.description,
        d1_0.manager_id,
        d1_0.updated_at 
    from
        departments d1_0 
    where
        d1_0.department_name=?
Hibernate: 
    select
        d1_0.id,
        d1_0.assistant_id,
        d1_0.created_at,
        d1_0.department_name,
        d1_0.description,
        d1_0.manager_id,
        d1_0.updated_at 
    from
        departments d1_0 
    where
        d1_0.department_name=?
Hibernate: 
    select
        e1_0.id,
        e1_0.department,
        e1_0.department_id,
        e1_0.email,
        e1_0.first_name,
        e1_0.hire_date,
        e1_0.last_name,
        e1_0.manager_id,
        e1_0.performance_rating,
        e1_0.phone,
        e1_0.position,
        e1_0.salary,
        e1_0.status,
        e1_0.user_id 
    from
        employees e1_0
Hibernate: 
    select
        d1_0.id,
        a1_0.id,
        a1_0.department,
        de1_0.id,
        de1_0.assistant_id,
        de1_0.created_at,
        de1_0.department_name,
        de1_0.description,
        m1_0.id,
        m1_0.department,
        m1_0.department_id,
        m1_0.email,
        m1_0.first_name,
        m1_0.hire_date,
        m1_0.last_name,
        m1_0.manager_id,
        m1_0.performance_rating,
        m1_0.phone,
        m1_0.position,
        m1_0.salary,
        m1_0.status,
        u1_0.id,
        u1_0.created_at,
        u1_0.email,
        u1_0.password,
        u1_0.role,
        u1_0.username,
        de1_0.updated_at,
        a1_0.email,
        a1_0.first_name,
        a1_0.hire_date,
        a1_0.last_name,
        a1_0.manager_id,
        a1_0.performance_rating,
        a1_0.phone,
        a1_0.position,
        a1_0.salary,
        a1_0.status,
        u2_0.id,
        u2_0.created_at,
        u2_0.email,
        u2_0.password,
        u2_0.role,
        u2_0.username,
        d1_0.created_at,
        d1_0.department_name,
        d1_0.description,
        m4_0.id,
        m4_0.department,
        de3_0.id,
        a3_0.id,
        a3_0.department,
        a3_0.department_id,
        a3_0.email,
        a3_0.first_name,
        a3_0.hire_date,
        a3_0.last_name,
        a3_0.manager_id,
        a3_0.performance_rating,
        a3_0.phone,
        a3_0.position,
        a3_0.salary,
        a3_0.status,
        u3_0.id,
        u3_0.created_at,
        u3_0.email,
        u3_0.password,
        u3_0.role,
        u3_0.username,
        de3_0.created_at,
        de3_0.department_name,
        de3_0.description,
        de3_0.manager_id,
        de3_0.updated_at,
        m4_0.email,
        m4_0.first_name,
        m4_0.hire_date,
        m4_0.last_name,
        m4_0.manager_id,
        m4_0.performance_rating,
        m4_0.phone,
        m4_0.position,
        m4_0.salary,
        m4_0.status,
        u4_0.id,
        u4_0.created_at,
        u4_0.email,
        u4_0.password,
        u4_0.role,
        u4_0.username,
        d1_0.updated_at 
    from
        departments d1_0 
    left join
        employees a1_0 
            on a1_0.id=d1_0.assistant_id 
    left join
        departments de1_0 
            on de1_0.id=a1_0.department_id 
    left join
        employees m1_0 
            on m1_0.id=de1_0.manager_id 
    left join
        users u1_0 
            on u1_0.id=m1_0.user_id 
    left join
        users u2_0 
            on u2_0.id=a1_0.user_id 
    left join
        employees m4_0 
            on m4_0.id=d1_0.manager_id 
    left join
        departments de3_0 
            on de3_0.id=m4_0.department_id 
    left join
        employees a3_0 
            on a3_0.id=de3_0.assistant_id 
    left join
        users u3_0 
            on u3_0.id=a3_0.user_id 
    left join
        users u4_0 
            on u4_0.id=m4_0.user_id 
    where
        d1_0.id=?
Hibernate: 
    select
        u1_0.id,
        u1_0.created_at,
        u1_0.email,
        u1_0.password,
        u1_0.role,
        u1_0.username 
    from
        users u1_0 
    where
        u1_0.id=?
Hibernate: 
    select
        u1_0.id,
        u1_0.created_at,
        u1_0.email,
        u1_0.password,
        u1_0.role,
        u1_0.username 
    from
        users u1_0 
    where
        u1_0.id=?
Hibernate: 
    select
        u1_0.id,
        u1_0.created_at,
        u1_0.email,
        u1_0.password,
        u1_0.role,
        u1_0.username 
    from
        users u1_0 
    where
        u1_0.id=?
Hibernate: 
    select
        d1_0.id,
        a1_0.id,
        a1_0.department,
        de1_0.id,
        de1_0.assistant_id,
        de1_0.created_at,
        de1_0.department_name,
        de1_0.description,
        m1_0.id,
        m1_0.department,
        m1_0.department_id,
        m1_0.email,
        m1_0.first_name,
        m1_0.hire_date,
        m1_0.last_name,
        m1_0.manager_id,
        m1_0.performance_rating,
        m1_0.phone,
        m1_0.position,
        m1_0.salary,
        m1_0.status,
        u1_0.id,
        u1_0.created_at,
        u1_0.email,
        u1_0.password,
        u1_0.role,
        u1_0.username,
        de1_0.updated_at,
        a1_0.email,
        a1_0.first_name,
        a1_0.hire_date,
        a1_0.last_name,
        a1_0.manager_id,
        a1_0.performance_rating,
        a1_0.phone,
        a1_0.position,
        a1_0.salary,
        a1_0.status,
        u2_0.id,
        u2_0.created_at,
        u2_0.email,
        u2_0.password,
        u2_0.role,
        u2_0.username,
        d1_0.created_at,
        d1_0.department_name,
        d1_0.description,
        m4_0.id,
        m4_0.department,
        de3_0.id,
        a3_0.id,
        a3_0.department,
        a3_0.department_id,
        a3_0.email,
        a3_0.first_name,
        a3_0.hire_date,
        a3_0.last_name,
        a3_0.manager_id,
        a3_0.performance_rating,
        a3_0.phone,
        a3_0.position,
        a3_0.salary,
        a3_0.status,
        u3_0.id,
        u3_0.created_at,
        u3_0.email,
        u3_0.password,
        u3_0.role,
        u3_0.username,
        de3_0.created_at,
        de3_0.department_name,
        de3_0.description,
        de3_0.manager_id,
        de3_0.updated_at,
        m4_0.email,
        m4_0.first_name,
        m4_0.hire_date,
        m4_0.last_name,
        m4_0.manager_id,
        m4_0.performance_rating,
        m4_0.phone,
        m4_0.position,
        m4_0.salary,
        m4_0.status,
        u4_0.id,
        u4_0.created_at,
        u4_0.email,
        u4_0.password,
        u4_0.role,
        u4_0.username,
        d1_0.updated_at 
    from
        departments d1_0 
    left join
        employees a1_0 
            on a1_0.id=d1_0.assistant_id 
    left join
        departments de1_0 
            on de1_0.id=a1_0.department_id 
    left join
        employees m1_0 
            on m1_0.id=de1_0.manager_id 
    left join
        users u1_0 
            on u1_0.id=m1_0.user_id 
    left join
        users u2_0 
            on u2_0.id=a1_0.user_id 
    left join
        employees m4_0 
            on m4_0.id=d1_0.manager_id 
    left join
        departments de3_0 
            on de3_0.id=m4_0.department_id 
    left join
        employees a3_0 
            on a3_0.id=de3_0.assistant_id 
    left join
        users u3_0 
            on u3_0.id=a3_0.user_id 
    left join
        users u4_0 
            on u4_0.id=m4_0.user_id 
    where
        d1_0.id=?
Hibernate: 
    select
        u1_0.id,
        u1_0.created_at,
        u1_0.email,
        u1_0.password,
        u1_0.role,
        u1_0.username 
    from
        users u1_0 
    where
        u1_0.id=?
2026-07-01T12:58:49.644Z  INFO 1 --- [nexushr-backend] [nio-8080-exec-1] o.a.c.c.C.[Tomcat].[localhost].[/api]    : Initializing Spring DispatcherServlet 'dispatcherServlet'
2026-07-01T12:58:49.645Z  INFO 1 --- [nexushr-backend] [nio-8080-exec-1] o.s.web.servlet.DispatcherServlet        : Initializing Servlet 'dispatcherServlet'
2026-07-01T12:58:49.647Z  INFO 1 --- [nexushr-backend] [nio-8080-exec-1] o.s.web.servlet.DispatcherServlet        : Completed initialization in 2 ms
Hibernate: 
    select
        u1_0.id,
        u1_0.created_at,
        u1_0.email,
        u1_0.password,
        u1_0.role,
        u1_0.username 
    from
        users u1_0 
    where
        u1_0.username=?
Hibernate: 
    select
        u1_0.id,
        u1_0.created_at,
        u1_0.email,
        u1_0.password,
        u1_0.role,
        u1_0.username 
    from
        users u1_0 
    where
        u1_0.username=?
io.jsonwebtoken.io.DecodingException: Illegal base64 character: '-'
	at io.jsonwebtoken.io.Base64.ctoi(Base64.java:221)
	at io.jsonwebtoken.io.Base64.decodeFast(Base64.java:271)
	at io.jsonwebtoken.io.Base64Decoder.decode(Base64Decoder.java:39)
	at io.jsonwebtoken.io.Base64Decoder.decode(Base64Decoder.java:26)
	at io.jsonwebtoken.io.ExceptionPropagatingDecoder.decode(ExceptionPropagatingDecoder.java:52)
	at com.nexushr.core.security.JwtTokenProvider.getSignInKey(JwtTokenProvider.java:73)
	at com.nexushr.core.security.JwtTokenProvider.buildToken(JwtTokenProvider.java:47)
	at com.nexushr.core.security.JwtTokenProvider.generateToken(JwtTokenProvider.java:38)
	at com.nexushr.core.service.AuthService.login(AuthService.java:112)
	at com.nexushr.core.controller.AuthController.authenticateUser(AuthController.java:33)
	at java.base/jdk.internal.reflect.DirectMethodHandleAccessor.invoke(Unknown Source)
	at java.base/java.lang.reflect.Method.invoke(Unknown Source)
	at org.springframework.aop.support.AopUtils.invokeJoinpointUsingReflection(AopUtils.java:355)
	at org.springframework.aop.framework.CglibAopProxy$DynamicAdvisedInterceptor.intercept(CglibAopProxy.java:716)
	at com.nexushr.core.controller.AuthController$$SpringCGLIB$$0.authenticateUser(<generated>)
	at java.base/jdk.internal.reflect.DirectMethodHandleAccessor.invoke(Unknown Source)
	at java.base/java.lang.reflect.Method.invoke(Unknown Source)
	at org.springframework.web.method.support.InvocableHandlerMethod.doInvoke(InvocableHandlerMethod.java:255)
	at org.springframework.web.method.support.InvocableHandlerMethod.invokeForRequest(InvocableHandlerMethod.java:188)
	at org.springframework.web.servlet.mvc.method.annotation.ServletInvocableHandlerMethod.invokeAndHandle(ServletInvocableHandlerMethod.java:118)
	at org.springframework.web.servlet.mvc.method.annotation.RequestMappingHandlerAdapter.invokeHandlerMethod(RequestMappingHandlerAdapter.java:926)
	at org.springframework.web.servlet.mvc.method.annotation.RequestMappingHandlerAdapter.handleInternal(RequestMappingHandlerAdapter.java:831)
	at org.springframework.web.servlet.mvc.method.AbstractHandlerMethodAdapter.handle(AbstractHandlerMethodAdapter.java:87)
	at org.springframework.web.servlet.DispatcherServlet.doDispatch(DispatcherServlet.java:1089)
	at org.springframework.web.servlet.DispatcherServlet.doService(DispatcherServlet.java:979)
	at org.springframework.web.servlet.FrameworkServlet.processRequest(FrameworkServlet.java:1014)
	at org.springframework.web.servlet.FrameworkServlet.doPost(FrameworkServlet.java:914)
	at jakarta.servlet.http.HttpServlet.service(HttpServlet.java:590)
	at org.springframework.web.servlet.FrameworkServlet.service(FrameworkServlet.java:885)
	at jakarta.servlet.http.HttpServlet.service(HttpServlet.java:658)
	at org.apache.catalina.core.ApplicationFilterChain.internalDoFilter(ApplicationFilterChain.java:195)
	at org.apache.catalina.core.ApplicationFilterChain.doFilter(ApplicationFilterChain.java:140)
	at org.apache.tomcat.websocket.server.WsFilter.doFilter(WsFilter.java:51)
	at org.apache.catalina.core.ApplicationFilterChain.internalDoFilter(ApplicationFilterChain.java:164)
	at org.apache.catalina.core.ApplicationFilterChain.doFilter(ApplicationFilterChain.java:140)
	at org.springframework.web.filter.OncePerRequestFilter.doFilter(OncePerRequestFilter.java:110)
	at org.apache.catalina.core.ApplicationFilterChain.internalDoFilter(ApplicationFilterChain.java:164)
	at org.apache.catalina.core.ApplicationFilterChain.doFilter(ApplicationFilterChain.java:140)
	at org.springframework.web.filter.CompositeFilter$VirtualFilterChain.doFilter(CompositeFilter.java:108)
	at org.springframework.security.web.FilterChainProxy.lambda$doFilterInternal$3(FilterChainProxy.java:231)
	at org.springframework.security.web.FilterChainProxy$VirtualFilterChain.doFilter(FilterChainProxy.java:365)
	at org.springframework.security.web.access.intercept.AuthorizationFilter.doFilter(AuthorizationFilter.java:100)
	at org.springframework.security.web.FilterChainProxy$VirtualFilterChain.doFilter(FilterChainProxy.java:374)
	at org.springframework.security.web.access.ExceptionTranslationFilter.doFilter(ExceptionTranslationFilter.java:126)
	at org.springframework.security.web.access.ExceptionTranslationFilter.doFilter(ExceptionTranslationFilter.java:120)
	at org.springframework.security.web.FilterChainProxy$VirtualFilterChain.doFilter(FilterChainProxy.java:374)
	at org.springframework.security.web.session.SessionManagementFilter.doFilter(SessionManagementFilter.java:131)
	at org.springframework.security.web.session.SessionManagementFilter.doFilter(SessionManagementFilter.java:85)
	at org.springframework.security.web.FilterChainProxy$VirtualFilterChain.doFilter(FilterChainProxy.java:374)
	at org.springframework.security.web.authentication.AnonymousAuthenticationFilter.doFilter(AnonymousAuthenticationFilter.java:100)
	at org.springframework.security.web.FilterChainProxy$VirtualFilterChain.doFilter(FilterChainProxy.java:374)
	at org.springframework.security.web.servletapi.SecurityContextHolderAwareRequestFilter.doFilter(SecurityContextHolderAwareRequestFilter.java:179)
	at org.springframework.security.web.FilterChainProxy$VirtualFilterChain.doFilter(FilterChainProxy.java:374)
	at org.springframework.security.web.savedrequest.RequestCacheAwareFilter.doFilter(RequestCacheAwareFilter.java:63)
	at org.springframework.security.web.FilterChainProxy$VirtualFilterChain.doFilter(FilterChainProxy.java:374)
	at com.nexushr.core.security.JwtAuthenticationFilter.doFilterInternal(JwtAuthenticationFilter.java:34)
	at org.springframework.web.filter.OncePerRequestFilter.doFilter(OncePerRequestFilter.java:116)
	at org.springframework.security.web.FilterChainProxy$VirtualFilterChain.doFilter(FilterChainProxy.java:374)
	at org.springframework.security.web.authentication.logout.LogoutFilter.doFilter(LogoutFilter.java:107)
	at org.springframework.security.web.authentication.logout.LogoutFilter.doFilter(LogoutFilter.java:93)
	at org.springframework.security.web.FilterChainProxy$VirtualFilterChain.doFilter(FilterChainProxy.java:374)
	at org.springframework.web.filter.CorsFilter.doFilterInternal(CorsFilter.java:91)
	at org.springframework.web.filter.OncePerRequestFilter.doFilter(OncePerRequestFilter.java:116)
	at org.springframework.security.web.FilterChainProxy$VirtualFilterChain.doFilter(FilterChainProxy.java:374)
	at org.springframework.security.web.header.HeaderWriterFilter.doHeadersAfter(HeaderWriterFilter.java:90)
	at org.springframework.security.web.header.HeaderWriterFilter.doFilterInternal(HeaderWriterFilter.java:75)
	at org.springframework.web.filter.OncePerRequestFilter.doFilter(OncePerRequestFilter.java:116)
	at org.springframework.security.web.FilterChainProxy$VirtualFilterChain.doFilter(FilterChainProxy.java:374)
	at org.springframework.security.web.context.SecurityContextHolderFilter.doFilter(SecurityContextHolderFilter.java:82)
	at org.springframework.security.web.context.SecurityContextHolderFilter.doFilter(SecurityContextHolderFilter.java:69)
	at org.springframework.security.web.FilterChainProxy$VirtualFilterChain.doFilter(FilterChainProxy.java:374)
	at org.springframework.security.web.context.request.async.WebAsyncManagerIntegrationFilter.doFilterInternal(WebAsyncManagerIntegrationFilter.java:62)
	at org.springframework.web.filter.OncePerRequestFilter.doFilter(OncePerRequestFilter.java:116)
	at org.springframework.security.web.FilterChainProxy$VirtualFilterChain.doFilter(FilterChainProxy.java:374)
	at org.springframework.security.web.session.DisableEncodeUrlFilter.doFilterInternal(DisableEncodeUrlFilter.java:42)
	at org.springframework.web.filter.OncePerRequestFilter.doFilter(OncePerRequestFilter.java:116)
	at org.springframework.security.web.FilterChainProxy$VirtualFilterChain.doFilter(FilterChainProxy.java:374)
	at org.springframework.security.web.FilterChainProxy.doFilterInternal(FilterChainProxy.java:233)
	at org.springframework.security.web.FilterChainProxy.doFilter(FilterChainProxy.java:191)
	at org.springframework.web.filter.CompositeFilter$VirtualFilterChain.doFilter(CompositeFilter.java:113)
	at org.springframework.web.servlet.handler.HandlerMappingIntrospector.lambda$createCacheFilter$3(HandlerMappingIntrospector.java:195)
	at org.springframework.web.filter.CompositeFilter$VirtualFilterChain.doFilter(CompositeFilter.java:113)
	at org.springframework.web.filter.CompositeFilter.doFilter(CompositeFilter.java:74)
	at org.springframework.security.config.annotation.web.configuration.WebMvcSecurityConfiguration$CompositeFilterChainProxy.doFilter(WebMvcSecurityConfiguration.java:230)
	at org.springframework.web.filter.DelegatingFilterProxy.invokeDelegate(DelegatingFilterProxy.java:362)
	at org.springframework.web.filter.DelegatingFilterProxy.doFilter(DelegatingFilterProxy.java:278)
	at org.apache.catalina.core.ApplicationFilterChain.internalDoFilter(ApplicationFilterChain.java:164)
	at org.apache.catalina.core.ApplicationFilterChain.doFilter(ApplicationFilterChain.java:140)
	at org.springframework.web.filter.RequestContextFilter.doFilterInternal(RequestContextFilter.java:100)
	at org.springframework.web.filter.OncePerRequestFilter.doFilter(OncePerRequestFilter.java:116)
	at org.apache.catalina.core.ApplicationFilterChain.internalDoFilter(ApplicationFilterChain.java:164)
	at org.apache.catalina.core.ApplicationFilterChain.doFilter(ApplicationFilterChain.java:140)
	at org.springframework.web.filter.FormContentFilter.doFilterInternal(FormContentFilter.java:93)
	at org.springframework.web.filter.OncePerRequestFilter.doFilter(OncePerRequestFilter.java:116)
	at org.apache.catalina.core.ApplicationFilterChain.internalDoFilter(ApplicationFilterChain.java:164)
	at org.apache.catalina.core.ApplicationFilterChain.doFilter(ApplicationFilterChain.java:140)
	at org.springframework.web.filter.CharacterEncodingFilter.doFilterInternal(CharacterEncodingFilter.java:201)
	at org.springframework.web.filter.OncePerRequestFilter.doFilter(OncePerRequestFilter.java:116)
	at org.apache.catalina.core.ApplicationFilterChain.internalDoFilter(ApplicationFilterChain.java:164)
	at org.apache.catalina.core.ApplicationFilterChain.doFilter(ApplicationFilterChain.java:140)
	at org.apache.catalina.core.StandardWrapperValve.invoke(StandardWrapperValve.java:167)
	at org.apache.catalina.core.StandardContextValve.invoke(StandardContextValve.java:90)
	at org.apache.catalina.authenticator.AuthenticatorBase.invoke(AuthenticatorBase.java:483)
	at org.apache.catalina.core.StandardHostValve.invoke(StandardHostValve.java:115)
	at org.apache.catalina.valves.ErrorReportValve.invoke(ErrorReportValve.java:93)
	at org.apache.catalina.core.StandardEngineValve.invoke(StandardEngineValve.java:74)
	at org.apache.catalina.connector.CoyoteAdapter.service(CoyoteAdapter.java:344)
	at org.apache.coyote.http11.Http11Processor.service(Http11Processor.java:384)
	at org.apache.coyote.AbstractProcessorLight.process(AbstractProcessorLight.java:63)
	at org.apache.coyote.AbstractProtocol$ConnectionHandler.process(AbstractProtocol.java:905)
	at org.apache.tomcat.util.net.NioEndpoint$SocketProcessor.doRun(NioEndpoint.java:1741)
	at org.apache.tomcat.util.net.SocketProcessorBase.run(SocketProcessorBase.java:52)
	at org.apache.tomcat.util.threads.ThreadPoolExecutor.runWorker(ThreadPoolExecutor.java:1190)
	at org.apache.tomcat.util.threads.ThreadPoolExecutor$Worker.run(ThreadPoolExecutor.java:659)
	at org.apache.tomcat.util.threads.TaskThread$WrappingRunnable.run(TaskThread.java:63)
	at java.base/java.lang.Thread.run(Unknown Source)
2026-07-01T12:59:34.754Z  INFO 1 --- [nexushr-backend] [MessageBroker-1] o.s.w.s.c.WebSocketMessageBrokerStats    : WebSocketSession[0 current WS(0)-HttpStream(0)-HttpPoll(0), 0 total, 0 closed abnormally (0 connect failure, 0 send limit, 0 transport error)], stompSubProtocol[processed CONNECT(0)-CONNECTED(0)-DISCONNECT(0)], stompBrokerRelay[null], inboundChannel[pool size = 0, active threads = 0, queued tasks = 0, completed tasks = 0], outboundChannel[pool size = 0, active threads = 0, queued tasks = 0, completed tasks = 0], sockJsScheduler[pool size = 2, active threads = 1, queued tasks = 1, completed tasks = 0]
